// Jest Snapshot v1, https://goo.gl/fbAQLP

exports[`render personal profile page should render profile details and chat rooms 1`] = `
<div
  className="pageContentWrapper"
>
  <div
    className="innerWrapper"
  >
    <div>
      <div
        className="userProfile"
      >
        <img
          alt="User Profile"
          src="https://lh3.googleusercontent.com/a/ACg8ocIOgSmXkWTJqoKPe5Hk3JlkkhfUNer4sWkVo3UuIa_dzg=s96-c"
        />
        <p>
          Kallenavn: 
          WILLIAM123wwwww
           
        </p>
        <p>
          Fult navn: 
          William
           
          Coucheron-Aamot
        </p>
        <p>
          E-post: 
          williamcoucheronaamot@gmail.com
        </p>
        <p>
          Om meg: 
          dawawddawJeg er kul
        </p>
      </div>
    </div>
    <div
      style={
        {
          "paddingTop": "20px",
          "width": "100%",
        }
      }
    >
      <button
        onClick={[Function]}
      >
        Logg ut
      </button>
      <a
        href="/profile/edit"
        onClick={[Function]}
      >
        <button
          id="editProfileButton"
        >
          Rediger profil
        </button>
      </a>
    </div>
    <h2>
      Dine chat rom:
    </h2>
  </div>
</div>
`;

exports[`render personal profile page should render profile then sign out 1`] = `
<div
  className="pageContentWrapper"
>
  <div
    className="innerWrapper"
  >
    <div>
      <div
        className="userProfile"
      >
        <img
          alt="User Profile"
          src="https://lh3.googleusercontent.com/a/ACg8ocIOgSmXkWTJqoKPe5Hk3JlkkhfUNer4sWkVo3UuIa_dzg=s96-c"
        />
        <p>
          Kallenavn: 
          WILLIAM123wwwww
           
        </p>
        <p>
          Fult navn: 
          William
           
          Coucheron-Aamot
        </p>
        <p>
          E-post: 
          williamcoucheronaamot@gmail.com
        </p>
        <p>
          Om meg: 
          dawawddawJeg er kul
        </p>
      </div>
    </div>
    <div
      style={
        {
          "paddingTop": "20px",
          "width": "100%",
        }
      }
    >
      <button
        onClick={[Function]}
      >
        Logg ut
      </button>
      <a
        href="/profile/edit"
        onClick={[Function]}
      >
        <button
          id="editProfileButton"
        >
          Rediger profil
        </button>
      </a>
    </div>
    <h2>
      Dine chat rom:
    </h2>
  </div>
</div>
`;
