// Jest Snapshot v1, https://goo.gl/fbAQLP

exports[`show user profile details render a user profile with information 1`] = `
<div
  className="userProfile"
>
  <img
    alt="User Profile"
    src="https://lh3.googleusercontent.com/a/ACg8ocIOgSmXkWTJqoKPe5Hk3JlkkhfUNer4sWkVo3UuIa_dzg=s96-c"
  />
  <p>
    Kallenavn: 
    WILLIAM123wwwww
     
  </p>
  <p>
    Fult navn: 
    William
     
    Coucheron-Aamot
  </p>
  <p>
    E-post: 
    williamcoucheronaamot@gmail.com
  </p>
  <p>
    Om meg: 
    dawawddawJeg er kul
  </p>
</div>
`;
